[BILLING] loaded!
[BILLING] Re-emitting cost at job start!

                                                       █████                █████
                                                      ░░███                ░░███
     ████████    ██████   ████████    ██████   ██████  ░███████    ██████  ███████
    ░░███░░███  ░░░░░███ ░░███░░███  ███░░███ ███░░███ ░███░░███  ░░░░░███░░░███░
     ░███ ░███   ███████  ░███ ░███ ░███ ░███░███ ░░░  ░███ ░███   ███████  ░███
     ░███ ░███  ███░░███  ░███ ░███ ░███ ░███░███  ███ ░███ ░███  ███░░███  ░███ ███
     ████ █████░░████████ ████ █████░░██████ ░░██████  ████ █████░░███████  ░░█████
    ░░░░ ░░░░░  ░░░░░░░░ ░░░░ ░░░░░  ░░░░░░   ░░░░░░  ░░░░ ░░░░░  ░░░░░░░░   ░░░░░
    
Autodetected device type: cuda
2026-09-03 07:21:20,303 - nanochat.common - [32m[1mINFO[0m - Distributed world size: 8
GPU: NVIDIA A100-SXM4-80GB | Peak FLOPS (BF16): 3.12e+14
COMPUTE_DTYPE: torch.bfloat16 (auto-detected: CUDA SM 80 (bf16 supported))
wandb: Currently logged in as: xidulu (xidulu-umass-amherst) to https://api.wandb.ai. Use `wandb login --relogin` to force relogin
wandb: creating run
wandb: ERROR Run initialization has timed out after 90.0 sec. Please try increasing the timeout with the `init_timeout` setting: `wandb.init(settings=wandb.Settings(init_timeout=120))`.
Traceback (most recent call last):
  File "/home/jhu/xwang457/.local/share/uv/python/cpython-3.10.21-linux-x86_64-gnu/lib/python3.10/asyncio/locks.py", line 214, in wait
    await fut
asyncio.exceptions.CancelledError

During handling of the above exception, another exception occurred:

Traceback (most recent call last):
  File "/home/jhu/xwang457/.local/share/uv/python/cpython-3.10.21-linux-x86_64-gnu/lib/python3.10/asyncio/tasks.py", line 456, in wait_for
    return fut.result()
asyncio.exceptions.CancelledError

The above exception was the direct cause of the following exception:

Traceback (most recent call last):
  File "/weka/scratch/jhu/enalisn1/xiw/nanochat/.venv/lib/python3.10/site-packages/wandb/sdk/mailbox/response_handle.py", line 82, in wait_async
    await asyncio.wait_for(self._done_event.wait(), timeout=timeout)
  File "/home/jhu/xwang457/.local/share/uv/python/cpython-3.10.21-linux-x86_64-gnu/lib/python3.10/asyncio/tasks.py", line 458, in wait_for
    raise exceptions.TimeoutError() from exc
asyncio.exceptions.TimeoutError

The above exception was the direct cause of the following exception:

Traceback (most recent call last):
  File "/weka/scratch/jhu/enalisn1/xiw/nanochat/.venv/lib/python3.10/site-packages/wandb/sdk/wandb_init.py", line 979, in init
    result = wait_with_progress(
  File "/weka/scratch/jhu/enalisn1/xiw/nanochat/.venv/lib/python3.10/site-packages/wandb/sdk/mailbox/wait_with_progress.py", line 23, in wait_with_progress
    return wait_all_with_progress(
  File "/weka/scratch/jhu/enalisn1/xiw/nanochat/.venv/lib/python3.10/site-packages/wandb/sdk/mailbox/wait_with_progress.py", line 77, in wait_all_with_progress
    return asyncer.run(progress_loop_with_timeout)
  File "/weka/scratch/jhu/enalisn1/xiw/nanochat/.venv/lib/python3.10/site-packages/wandb/sdk/lib/asyncio_manager.py", line 136, in run
    return future.result()
  File "/home/jhu/xwang457/.local/share/uv/python/cpython-3.10.21-linux-x86_64-gnu/lib/python3.10/concurrent/futures/_base.py", line 458, in result
    return self.__get_result()
  File "/home/jhu/xwang457/.local/share/uv/python/cpython-3.10.21-linux-x86_64-gnu/lib/python3.10/concurrent/futures/_base.py", line 403, in __get_result
    raise self._exception
  File "/weka/scratch/jhu/enalisn1/xiw/nanochat/.venv/lib/python3.10/site-packages/wandb/sdk/lib/asyncio_manager.py", line 219, in _wrap
    return await fn()
  File "/weka/scratch/jhu/enalisn1/xiw/nanochat/.venv/lib/python3.10/site-packages/wandb/sdk/mailbox/wait_with_progress.py", line 72, in progress_loop_with_timeout
    return await _wait_handles_async(
  File "/weka/scratch/jhu/enalisn1/xiw/nanochat/.venv/lib/python3.10/site-packages/wandb/sdk/mailbox/wait_with_progress.py", line 95, in _wait_handles_async
    async with asyncio_compat.open_task_group() as task_group:
  File "/home/jhu/xwang457/.local/share/uv/python/cpython-3.10.21-linux-x86_64-gnu/lib/python3.10/contextlib.py", line 206, in __aexit__
    await anext(self.gen)
  File "/weka/scratch/jhu/enalisn1/xiw/nanochat/.venv/lib/python3.10/site-packages/wandb/sdk/lib/asyncio_compat.py", line 192, in open_task_group
    await task_group._wait_all()
  File "/weka/scratch/jhu/enalisn1/xiw/nanochat/.venv/lib/python3.10/site-packages/wandb/sdk/lib/asyncio_compat.py", line 163, in _wait_all
    raise exc
  File "/weka/scratch/jhu/enalisn1/xiw/nanochat/.venv/lib/python3.10/site-packages/wandb/sdk/mailbox/wait_with_progress.py", line 93, in wait_single
    results[index] = await handle.wait_async(timeout=timeout)
  File "/weka/scratch/jhu/enalisn1/xiw/nanochat/.venv/lib/python3.10/site-packages/wandb/sdk/mailbox/mailbox_handle.py", line 131, in wait_async
    response = await self._handle.wait_async(timeout=timeout)
  File "/weka/scratch/jhu/enalisn1/xiw/nanochat/.venv/lib/python3.10/site-packages/wandb/sdk/mailbox/response_handle.py", line 90, in wait_async
    raise TimeoutError(
TimeoutError: Timed out waiting for response on 9eltj0vxfjck

During handling of the above exception, another exception occurred:

Traceback (most recent call last):
  File "/home/jhu/xwang457/.local/share/uv/python/cpython-3.10.21-linux-x86_64-gnu/lib/python3.10/runpy.py", line 196, in _run_module_as_main
    return _run_code(code, main_globals, None,
  File "/home/jhu/xwang457/.local/share/uv/python/cpython-3.10.21-linux-x86_64-gnu/lib/python3.10/runpy.py", line 86, in _run_code
    exec(code, run_globals)
  File "/weka/scratch/jhu/enalisn1/xiw/nanochat/scripts/base_train.py", line 127, in <module>
    wandb_run = DummyWandb() if use_dummy_wandb else wandb.init(**wandb_kwargs)
  File "/weka/scratch/jhu/enalisn1/xiw/nanochat/.venv/lib/python3.10/site-packages/wandb/sdk/wandb_init.py", line 1581, in init
    wandb._sentry.reraise(e)
  File "/weka/scratch/jhu/enalisn1/xiw/nanochat/.venv/lib/python3.10/site-packages/wandb/analytics/sentry.py", line 162, in reraise
    raise exc.with_traceback(sys.exc_info()[2])
  File "/weka/scratch/jhu/enalisn1/xiw/nanochat/.venv/lib/python3.10/site-packages/wandb/sdk/wandb_init.py", line 1562, in init
    run = wi.init(run_settings, run_config, run_printer)
  File "/weka/scratch/jhu/enalisn1/xiw/nanochat/.venv/lib/python3.10/site-packages/wandb/sdk/wandb_init.py", line 991, in init
    raise CommError(
wandb.errors.errors.CommError: Run initialization has timed out after 90.0 sec. Please try increasing the timeout with the `init_timeout` setting: `wandb.init(settings=wandb.Settings(init_timeout=120))`.
[rank0]: Traceback (most recent call last):
[rank0]:   File "/home/jhu/xwang457/.local/share/uv/python/cpython-3.10.21-linux-x86_64-gnu/lib/python3.10/asyncio/locks.py", line 214, in wait
[rank0]:     await fut
[rank0]: asyncio.exceptions.CancelledError

[rank0]: During handling of the above exception, another exception occurred:

[rank0]: Traceback (most recent call last):
[rank0]:   File "/home/jhu/xwang457/.local/share/uv/python/cpython-3.10.21-linux-x86_64-gnu/lib/python3.10/asyncio/tasks.py", line 456, in wait_for
[rank0]:     return fut.result()
[rank0]: asyncio.exceptions.CancelledError

[rank0]: The above exception was the direct cause of the following exception:

[rank0]: Traceback (most recent call last):
[rank0]:   File "/weka/scratch/jhu/enalisn1/xiw/nanochat/.venv/lib/python3.10/site-packages/wandb/sdk/mailbox/response_handle.py", line 82, in wait_async
[rank0]:     await asyncio.wait_for(self._done_event.wait(), timeout=timeout)
[rank0]:   File "/home/jhu/xwang457/.local/share/uv/python/cpython-3.10.21-linux-x86_64-gnu/lib/python3.10/asyncio/tasks.py", line 458, in wait_for
[rank0]:     raise exceptions.TimeoutError() from exc
[rank0]: asyncio.exceptions.TimeoutError

[rank0]: The above exception was the direct cause of the following exception:

[rank0]: Traceback (most recent call last):
[rank0]:   File "/weka/scratch/jhu/enalisn1/xiw/nanochat/.venv/lib/python3.10/site-packages/wandb/sdk/wandb_init.py", line 979, in init
[rank0]:     result = wait_with_progress(
[rank0]:   File "/weka/scratch/jhu/enalisn1/xiw/nanochat/.venv/lib/python3.10/site-packages/wandb/sdk/mailbox/wait_with_progress.py", line 23, in wait_with_progress
[rank0]:     return wait_all_with_progress(
[rank0]:   File "/weka/scratch/jhu/enalisn1/xiw/nanochat/.venv/lib/python3.10/site-packages/wandb/sdk/mailbox/wait_with_progress.py", line 77, in wait_all_with_progress
[rank0]:     return asyncer.run(progress_loop_with_timeout)
[rank0]:   File "/weka/scratch/jhu/enalisn1/xiw/nanochat/.venv/lib/python3.10/site-packages/wandb/sdk/lib/asyncio_manager.py", line 136, in run
[rank0]:     return future.result()
[rank0]:   File "/home/jhu/xwang457/.local/share/uv/python/cpython-3.10.21-linux-x86_64-gnu/lib/python3.10/concurrent/futures/_base.py", line 458, in result
[rank0]:     return self.__get_result()
[rank0]:   File "/home/jhu/xwang457/.local/share/uv/python/cpython-3.10.21-linux-x86_64-gnu/lib/python3.10/concurrent/futures/_base.py", line 403, in __get_result
[rank0]:     raise self._exception
[rank0]:   File "/weka/scratch/jhu/enalisn1/xiw/nanochat/.venv/lib/python3.10/site-packages/wandb/sdk/lib/asyncio_manager.py", line 219, in _wrap
[rank0]:     return await fn()
[rank0]:   File "/weka/scratch/jhu/enalisn1/xiw/nanochat/.venv/lib/python3.10/site-packages/wandb/sdk/mailbox/wait_with_progress.py", line 72, in progress_loop_with_timeout
[rank0]:     return await _wait_handles_async(
[rank0]:   File "/weka/scratch/jhu/enalisn1/xiw/nanochat/.venv/lib/python3.10/site-packages/wandb/sdk/mailbox/wait_with_progress.py", line 95, in _wait_handles_async
[rank0]:     async with asyncio_compat.open_task_group() as task_group:
[rank0]:   File "/home/jhu/xwang457/.local/share/uv/python/cpython-3.10.21-linux-x86_64-gnu/lib/python3.10/contextlib.py", line 206, in __aexit__
[rank0]:     await anext(self.gen)
[rank0]:   File "/weka/scratch/jhu/enalisn1/xiw/nanochat/.venv/lib/python3.10/site-packages/wandb/sdk/lib/asyncio_compat.py", line 192, in open_task_group
[rank0]:     await task_group._wait_all()
[rank0]:   File "/weka/scratch/jhu/enalisn1/xiw/nanochat/.venv/lib/python3.10/site-packages/wandb/sdk/lib/asyncio_compat.py", line 163, in _wait_all
[rank0]:     raise exc
[rank0]:   File "/weka/scratch/jhu/enalisn1/xiw/nanochat/.venv/lib/python3.10/site-packages/wandb/sdk/mailbox/wait_with_progress.py", line 93, in wait_single
[rank0]:     results[index] = await handle.wait_async(timeout=timeout)
[rank0]:   File "/weka/scratch/jhu/enalisn1/xiw/nanochat/.venv/lib/python3.10/site-packages/wandb/sdk/mailbox/mailbox_handle.py", line 131, in wait_async
[rank0]:     response = await self._handle.wait_async(timeout=timeout)
[rank0]:   File "/weka/scratch/jhu/enalisn1/xiw/nanochat/.venv/lib/python3.10/site-packages/wandb/sdk/mailbox/response_handle.py", line 90, in wait_async
[rank0]:     raise TimeoutError(
[rank0]: TimeoutError: Timed out waiting for response on 9eltj0vxfjck

[rank0]: During handling of the above exception, another exception occurred:

[rank0]: Traceback (most recent call last):
[rank0]:   File "/home/jhu/xwang457/.local/share/uv/python/cpython-3.10.21-linux-x86_64-gnu/lib/python3.10/runpy.py", line 196, in _run_module_as_main
[rank0]:     return _run_code(code, main_globals, None,
[rank0]:   File "/home/jhu/xwang457/.local/share/uv/python/cpython-3.10.21-linux-x86_64-gnu/lib/python3.10/runpy.py", line 86, in _run_code
[rank0]:     exec(code, run_globals)
[rank0]:   File "/weka/scratch/jhu/enalisn1/xiw/nanochat/scripts/base_train.py", line 127, in <module>
[rank0]:     wandb_run = DummyWandb() if use_dummy_wandb else wandb.init(**wandb_kwargs)
[rank0]:   File "/weka/scratch/jhu/enalisn1/xiw/nanochat/.venv/lib/python3.10/site-packages/wandb/sdk/wandb_init.py", line 1581, in init
[rank0]:     wandb._sentry.reraise(e)
[rank0]:   File "/weka/scratch/jhu/enalisn1/xiw/nanochat/.venv/lib/python3.10/site-packages/wandb/analytics/sentry.py", line 162, in reraise
[rank0]:     raise exc.with_traceback(sys.exc_info()[2])
[rank0]:   File "/weka/scratch/jhu/enalisn1/xiw/nanochat/.venv/lib/python3.10/site-packages/wandb/sdk/wandb_init.py", line 1562, in init
[rank0]:     run = wi.init(run_settings, run_config, run_printer)
[rank0]:   File "/weka/scratch/jhu/enalisn1/xiw/nanochat/.venv/lib/python3.10/site-packages/wandb/sdk/wandb_init.py", line 991, in init
[rank0]:     raise CommError(
[rank0]: wandb.errors.errors.CommError: Run initialization has timed out after 90.0 sec. Please try increasing the timeout with the `init_timeout` setting: `wandb.init(settings=wandb.Settings(init_timeout=120))`.
[1;34mwandb[0m: 
[1;34mwandb[0m: 🚀 View run [33md20-from40k-lf-k2-linear_addition[0m at: [34m[0m
[1;34mwandb[0m: Find logs at: [1;35mwandb/run-20260903_072120-d20-from40k-lf-k2-linear_addition/logs[0m
[rank0]:[W903 07:23:40.312550760 ProcessGroupNCCL.cpp:1524] Warning: WARNING: destroy_process_group() was not called before program exit, which can leak resources. For more info, please see https://pytorch.org/docs/stable/distributed.html#shutdown (function operator())
W0903 07:23:42.009000 3742124 torch/distributed/elastic/multiprocessing/api.py:908] Sending process 3742158 closing signal SIGTERM
W0903 07:23:42.012000 3742124 torch/distributed/elastic/multiprocessing/api.py:908] Sending process 3742159 closing signal SIGTERM
W0903 07:23:42.047000 3742124 torch/distributed/elastic/multiprocessing/api.py:908] Sending process 3742160 closing signal SIGTERM
W0903 07:23:42.056000 3742124 torch/distributed/elastic/multiprocessing/api.py:908] Sending process 3742161 closing signal SIGTERM
W0903 07:23:42.069000 3742124 torch/distributed/elastic/multiprocessing/api.py:908] Sending process 3742162 closing signal SIGTERM
W0903 07:23:42.071000 3742124 torch/distributed/elastic/multiprocessing/api.py:908] Sending process 3742163 closing signal SIGTERM
W0903 07:23:42.072000 3742124 torch/distributed/elastic/multiprocessing/api.py:908] Sending process 3742164 closing signal SIGTERM
E0903 07:23:43.231000 3742124 torch/distributed/elastic/multiprocessing/api.py:882] failed (exitcode: 1) local_rank: 0 (pid: 3742157) of binary: /weka/scratch/jhu/enalisn1/xiw/nanochat/.venv/bin/python3
Traceback (most recent call last):
  File "/weka/scratch/jhu/enalisn1/xiw/nanochat/.venv/bin/torchrun", line 10, in <module>
    sys.exit(main())
  File "/weka/scratch/jhu/enalisn1/xiw/nanochat/.venv/lib/python3.10/site-packages/torch/distributed/elastic/multiprocessing/errors/__init__.py", line 357, in wrapper
    return f(*args, **kwargs)
  File "/weka/scratch/jhu/enalisn1/xiw/nanochat/.venv/lib/python3.10/site-packages/torch/distributed/run.py", line 936, in main
    run(args)
  File "/weka/scratch/jhu/enalisn1/xiw/nanochat/.venv/lib/python3.10/site-packages/torch/distributed/run.py", line 927, in run
    elastic_launch(
  File "/weka/scratch/jhu/enalisn1/xiw/nanochat/.venv/lib/python3.10/site-packages/torch/distributed/launcher/api.py", line 156, in __call__
    return launch_agent(self._config, self._entrypoint, list(args))
  File "/weka/scratch/jhu/enalisn1/xiw/nanochat/.venv/lib/python3.10/site-packages/torch/distributed/launcher/api.py", line 293, in launch_agent
    raise ChildFailedError(
torch.distributed.elastic.multiprocessing.errors.ChildFailedError: 
============================================================
scripts.base_train FAILED
------------------------------------------------------------
Failures:
  <NO_OTHER_FAILURES>
------------------------------------------------------------
Root Cause (first observed failure):
[0]:
  time      : 2026-09-03_07:23:42
  host      : ga139.mgmt.ai.cluster
  rank      : 0 (local_rank: 0)
  exitcode  : 1 (pid: 3742157)
  error_file: <N/A>
  traceback : To enable traceback see: https://pytorch.org/docs/stable/elastic/errors.html
============================================================
srun: error: ga139: task 0: Exited with exit code 1
