[BILLING] loaded!
[BILLING] Re-emitting cost at job start!
Autodetected device type: cuda
2026-08-27 16:25:35,938 - nanochat.common - [32m[1mINFO[0m - Distributed world size: 4
COMPUTE_DTYPE: torch.bfloat16 (auto-detected: CUDA SM 90 (bf16 supported))
GPU: NVIDIA H100 80GB HBM3 | Peak FLOPS (BF16): 9.89e+14
2026-08-27 16:25:35,940 - nanochat.checkpoint_manager - [32m[1mINFO[0m - Loading model from /home/jhu/xwang457/work/nanochat_cache/base_checkpoints/d20-lf-k1-smoke with step 50000
2026-08-27 16:25:36,667 - nanochat.checkpoint_manager - [32m[1mINFO[0m - Building model with config: {'sequence_len': 2048, 'vocab_size': 32768, 'n_layer': 20, 'n_head': 10, 'n_kv_head': 10, 'n_embd': 1280, 'window_pattern': 'SSSL', 'latent_feedback': True, 'weight_tying': True}
Using max_seq_len=2048
NOTE: --device-batch-size=4 overrides pretrained value of 16
NOTE: --total-batch-size=32768 overrides pretrained value of 524288
Inherited embedding_lr=0.3 from pretrained checkpoint
Inherited unembedding_lr=0.008 from pretrained checkpoint
Inherited matrix_lr=0.02 from pretrained checkpoint
Tokens / micro-batch / rank: 4 x 2048 = 8,192
Tokens / micro-batch: 32,768
Total batch size 32,768 => gradient accumulation steps: 1
Scaling the LR for the AdamW parameters ∝1/√(1280/768) = 0.774597
Weight tying: shared embedding/head uses the unembedding AdamW hyperparameters
Downloading https://huggingface.co/api/datasets/nvidia/OpenMathInstruct-2/parquet/default/train_1M/0.parquet ...
Downloading https://huggingface.co/api/datasets/nvidia/OpenMathInstruct-2/parquet/default/train_1M/1.parquet ...
Downloading https://huggingface.co/api/datasets/nvidia/OpenMathInstruct-2/parquet/default/train_1M/2.parquet ...
Training OpenMathInstruct-2 split=train_1M: 64 train rows, 8 validation rows
Step 00000 | Validation L1 bpb: 0.3426 | L2 bpb: 0.3381 | L3 bpb: 0.3395
step 00001 (100.00%) | K: 3 | loss: 0.835443 | L1: 0.803285 | L2: 0.783871 | L3: 0.784241 | lrm: 0.00 | dt: 109632.91ms | tok/sec: 298 | mfu: 0.07 | epoch: 8 | total time: 0.00m
Step 00001 | Validation L1 bpb: 0.3426 | L2 bpb: 0.3381 | L3 bpb: 0.3395
2026-08-27 16:28:45,556 - nanochat.checkpoint_manager - [32m[1mINFO[0m - Saved optimizer state to: /home/jhu/xwang457/work/nanochat_cache/chatsft_checkpoints/d20-lf-k3-openmath-h100-smoke/optim_000001_rank3.pt
2026-08-27 16:28:45,557 - nanochat.checkpoint_manager - [32m[1mINFO[0m - Saved optimizer state to: /home/jhu/xwang457/work/nanochat_cache/chatsft_checkpoints/d20-lf-k3-openmath-h100-smoke/optim_000001_rank1.pt
2026-08-27 16:28:45,563 - nanochat.checkpoint_manager - [32m[1mINFO[0m - Saved optimizer state to: /home/jhu/xwang457/work/nanochat_cache/chatsft_checkpoints/d20-lf-k3-openmath-h100-smoke/optim_000001_rank2.pt
2026-08-27 16:28:46,387 - nanochat.checkpoint_manager - [32m[1mINFO[0m - Saved model parameters to: /home/jhu/xwang457/work/nanochat_cache/chatsft_checkpoints/d20-lf-k3-openmath-h100-smoke/model_000001.pt
2026-08-27 16:28:46,392 - nanochat.checkpoint_manager - [32m[1mINFO[0m - Saved metadata to: /home/jhu/xwang457/work/nanochat_cache/chatsft_checkpoints/d20-lf-k3-openmath-h100-smoke/meta_000001.json
2026-08-27 16:28:46,899 - nanochat.checkpoint_manager - [32m[1mINFO[0m - Saved optimizer state to: /home/jhu/xwang457/work/nanochat_cache/chatsft_checkpoints/d20-lf-k3-openmath-h100-smoke/optim_000001_rank0.pt
Peak memory usage: 27983.99MiB
Total training time: 0.00m
Minimum validation bpb: 0.3395
