{
  "command": [
    "/weka/scratch/jhu/enalisn1/xiw/nanochat/.venv/bin/python",
    "fbt_experiments/evaluate_checkpoint.py",
    "--checkpoint",
    "/home/jhu/xwang457/work/nanochat_cache/base_checkpoints/d20-lf-k1-smoke",
    "--output-dir",
    "fbt_experiments/results/model_050000_core_prefill_full",
    "--device",
    "cuda",
    "--skip-continuation",
    "--skip-gsm8k",
    "--core-max-per-task",
    "-1"
  ],
  "checkpoint": "/weka/scratch/jhu/enalisn1/xiw/nanochat_cache/base_checkpoints/d20-lf-k1-smoke/model_050000.pt",
  "checkpoint_size_bytes": 2592668249,
  "matching_meta": "/weka/scratch/jhu/enalisn1/xiw/nanochat_cache/base_checkpoints/d20-lf-k1-smoke/meta_050000.json",
  "nanochat_base_dir": "/weka/scratch/jhu/enalisn1/xiw/nanochat_cache",
  "step": 50000,
  "device": "cuda",
  "torch_version": "2.9.1+cu128",
  "compute_dtype": "torch.bfloat16",
  "compute_dtype_reason": "auto-detected: CUDA SM 90 (bf16 supported)",
  "cuda_device": "NVIDIA H200 NVL",
  "seed": 42,
  "num_docs": 8,
  "prefix_tokens": 64,
  "continuation_tokens": 64,
  "num_gsm8k": 20,
  "gsm8k_start": 0,
  "gsm8k_shots": 8,
  "max_new_tokens": 192,
  "core_max_per_task": -1,
  "skip_continuation": true,
  "skip_gsm8k": true,
  "modes": [
    "standard",
    "soft",
    "fused"
  ],
  "core_prefill_modes": [
    "standard_prefill",
    "fused_prefill"
  ]
}
2026-08-27 13:32:14,472 - nanochat.checkpoint_manager - [32m[1mINFO[0m - Building model with config: {'sequence_len': 2048, 'vocab_size': 32768, 'n_layer': 20, 'n_head': 10, 'n_kv_head': 10, 'n_embd': 1280, 'window_pattern': 'SSSL', 'latent_feedback': True, 'weight_tying': True}
loaded model parameters=857,867,506
core task=hellaswag_zeroshot shots=0 type=multiple_choice
core task=hellaswag_zeroshot standard=5875/10042 fused=5970/10042 seconds=207.0
core task=jeopardy shots=10 type=language_modeling
core task=jeopardy standard=289/2117 fused=334/2117 seconds=44.4
core task=bigbench_qa_wikidata shots=10 type=language_modeling
Traceback (most recent call last):
  File "/weka/scratch/jhu/enalisn1/xiw/nanochat/fbt_experiments/evaluate_checkpoint.py", line 1160, in main
    run(args)
  File "/weka/scratch/jhu/enalisn1/xiw/nanochat/fbt_experiments/evaluate_checkpoint.py", line 1139, in run
    metrics["core_prefill"] = evaluate_core_prefill(model, tokenizer, args, output_dir, base_dir)
  File "/weka/scratch/jhu/enalisn1/xiw/nanochat/fbt_experiments/evaluate_checkpoint.py", line 419, in evaluate_core_prefill
    "exact_mcnemar_p": exact_mcnemar_p(
  File "/weka/scratch/jhu/enalisn1/xiw/nanochat/fbt_experiments/evaluate_checkpoint.py", line 702, in exact_mcnemar_p
    probability = 2.0 * sum(math.comb(discordant, i) for i in range(tail + 1)) / (2 ** discordant)
OverflowError: int too large to convert to float
